2026-02-09 01:54:58 | INFO     | app.core.logging:setup_logging:54 | 日志系统初始化完成
2026-02-09 01:54:58 | INFO     | app.main:lifespan:24 | 🐦 重明 v2.0.0 启动中...
2026-02-09 01:54:58 | INFO     | app.main:lifespan:25 | 📡 API 文档: http://localhost:8000/docs
2026-02-09 01:56:27 | INFO     | app.core.request_logger:request_logging_middleware:71 | [409f224f] --> GET /api/v1/health
2026-02-09 01:56:27 | INFO     | app.core.request_logger:request_logging_middleware:91 | [409f224f] <-- 200 (1.82ms)
2026-02-09 01:56:38 | INFO     | app.core.request_logger:request_logging_middleware:71 | [9e5c0ce9] --> GET /api/v1/environments
2026-02-09 01:56:42 | ERROR    | app.core.request_logger:request_logging_middleware:111 | [9e5c0ce9] <-- ERROR: OSError: Multiple exceptions: [Errno 10061] Connect call failed ('127.0.0.1', 5432), [Errno 10061] Connect call failed ('::1', 5432, 0, 0) (4095.54ms)
2026-02-09 01:56:45 | INFO     | app.core.request_logger:request_logging_middleware:71 | [432692ba] --> GET /api/v1/data-factory/schemas
2026-02-09 01:56:45 | INFO     | app.core.request_logger:request_logging_middleware:91 | [432692ba] <-- 200 (0.86ms)
2026-02-09 01:57:30 | INFO     | app.core.logging:setup_logging:54 | 日志系统初始化完成
2026-02-09 01:57:30 | INFO     | app.main:lifespan:24 | 🐦 重明 v2.0.0 启动中...
2026-02-09 01:57:30 | INFO     | app.main:lifespan:25 | 📡 API 文档: http://localhost:8000/docs
2026-02-09 01:57:30 | INFO     | app.core.logging:setup_logging:54 | 日志系统初始化完成
2026-02-09 01:57:30 | INFO     | app.main:lifespan:24 | 🐦 重明 v2.0.0 启动中...
2026-02-09 01:57:30 | INFO     | app.main:lifespan:25 | 📡 API 文档: http://localhost:8000/docs
2026-02-09 01:58:02 | INFO     | app.main:lifespan:30 | 🔥 重明关闭中...
2026-02-09 01:58:02 | INFO     | app.main:lifespan:30 | 🔥 重明关闭中...
2026-02-09 01:58:05 | INFO     | app.core.logging:setup_logging:54 | 日志系统初始化完成
2026-02-09 01:58:05 | INFO     | app.main:lifespan:24 | 🐦 重明 v2.0.0 启动中...
2026-02-09 01:58:05 | INFO     | app.main:lifespan:25 | 📡 API 文档: http://localhost:8000/docs
2026-02-09 01:58:05 | INFO     | app.core.logging:setup_logging:54 | 日志系统初始化完成
2026-02-09 01:58:05 | INFO     | app.main:lifespan:24 | 🐦 重明 v2.0.0 启动中...
2026-02-09 01:58:05 | INFO     | app.main:lifespan:25 | 📡 API 文档: http://localhost:8000/docs
2026-02-09 02:29:56 | INFO     | app.main:lifespan:30 | 🔥 重明关闭中...
2026-02-09 05:42:18 | INFO     | app.core.logging:setup_logging:54 | 日志系统初始化完成
2026-02-09 05:42:18 | INFO     | app.main:lifespan:24 | 🐦 重明 v2.0.0 启动中...
2026-02-09 05:42:18 | INFO     | app.main:lifespan:25 | 📡 API 文档: http://localhost:8000/docs
2026-02-09 05:42:29 | INFO     | app.core.request_logger:request_logging_middleware:71 | [46670daf] --> GET /api/v1/left-pupil/health
2026-02-09 05:42:29 | INFO     | app.core.request_logger:request_logging_middleware:91 | [46670daf] <-- 200 (2.17ms)
2026-02-09 05:42:47 | INFO     | app.core.request_logger:request_logging_middleware:71 | [adbe348a] --> POST /api/v1/left-pupil/execute
2026-02-09 05:42:50 | ERROR    | app.api.v1.endpoints.left_pupil:execute_step:212 | 执行 API 步骤失败
Traceback (most recent call last):

  File "<frozen runpy>", line 198, in _run_module_as_main
  File "<frozen runpy>", line 88, in _run_code
  File "C:\Users\H\AppData\Roaming\Python\Python314\site-packages\uvicorn\__main__.py", line 4, in <module>
    uvicorn.main()
    │       └ <Command main>
    └ <module 'uvicorn' from 'C:\\Users\\H\\AppData\\Roaming\\Python\\Python314\\site-packages\\uvicorn\\__init__.py'>
  File "C:\Users\H\AppData\Roaming\Python\Python314\site-packages\click\core.py", line 1485, in __call__
    return self.main(*args, **kwargs)
           │    │     │       └ {}
           │    │     └ ()
           │    └ <function Command.main at 0x0000019EEDABA090>
           └ <Command main>
  File "C:\Users\H\AppData\Roaming\Python\Python314\site-packages\click\core.py", line 1406, in main
    rv = self.invoke(ctx)
         │    │      └ <click.core.Context object at 0x0000019EEDCCD6A0>
         │    └ <function Command.invoke at 0x0000019EEDAB9B10>
         └ <Command main>
  File "C:\Users\H\AppData\Roaming\Python\Python314\site-packages\click\core.py", line 1269, in invoke
    return ctx.invoke(self.callback, **ctx.params)
           │   │      │    │           │   └ {'host': '127.0.0.1', 'port': 8000, 'app': 'app.main:app', 'uds': None, 'fd': None, 'reload': False, 'reload_dirs': (), 'relo...
           │   │      │    │           └ <click.core.Context object at 0x0000019EEDCCD6A0>
           │   │      │    └ <function main at 0x0000019EEDD721F0>
           │   │      └ <Command main>
           │   └ <function Context.invoke at 0x0000019EEDAB7C10>
           └ <click.core.Context object at 0x0000019EEDCCD6A0>
  File "C:\Users\H\AppData\Roaming\Python\Python314\site-packages\click\core.py", line 824, in invoke
    return callback(*args, **kwargs)
           │         │       └ {'host': '127.0.0.1', 'port': 8000, 'app': 'app.main:app', 'uds': None, 'fd': None, 'reload': False, 'reload_dirs': (), 'relo...
           │         └ ()
           └ <function main at 0x0000019EEDD721F0>
  File "C:\Users\H\AppData\Roaming\Python\Python314\site-packages\uvicorn\main.py", line 424, in main
    run(
    └ <function run at 0x0000019EEDD6DC70>
  File "C:\Users\H\AppData\Roaming\Python\Python314\site-packages\uvicorn\main.py", line 594, in run
    server.run()
    │      └ <function Server.run at 0x0000019EEDBAE8D0>
    └ <uvicorn.server.Server object at 0x0000019EEDCCE120>
  File "C:\Users\H\AppData\Roaming\Python\Python314\site-packages\uvicorn\server.py", line 67, in run
    return asyncio_run(self.serve(sockets=sockets), loop_factory=self.config.get_loop_factory())
           │           │    │             │                      │    │      └ <function Config.get_loop_factory at 0x0000019EEDB5F5E0>
           │           │    │             │                      │    └ <uvicorn.config.Config object at 0x0000019EEDCCD940>
           │           │    │             │                      └ <uvicorn.server.Server object at 0x0000019EEDCCE120>
           │           │    │             └ None
           │           │    └ <function Server.serve at 0x0000019EEDBAEA30>
           │           └ <uvicorn.server.Server object at 0x0000019EEDCCE120>
           └ <function run at 0x0000019EED6C5FE0>
  File "C:\Program Files\Python\Lib\asyncio\runners.py", line 204, in run
    return runner.run(main)
           │      │   └ <coroutine object Server.serve at 0x0000019EEDD59210>
           │      └ <function Runner.run at 0x0000019EED6C6400>
           └ <asyncio.runners.Runner object at 0x0000019EEDCCE510>
  File "C:\Program Files\Python\Lib\asyncio\runners.py", line 127, in run
    return self._loop.run_until_complete(task)
           │    │     │                  └ <Task pending name='Task-1' coro=<Server.serve() running at C:\Users\H\AppData\Roaming\Python\Python314\site-packages\uvicorn...
           │    │     └ <function BaseEventLoop.run_until_complete at 0x0000019EED6C2820>
           │    └ <ProactorEventLoop running=True closed=False debug=False>
           └ <asyncio.runners.Runner object at 0x0000019EEDCCE510>
  File "C:\Program Files\Python\Lib\asyncio\base_events.py", line 706, in run_until_complete
    self.run_forever()
    │    └ <function BaseEventLoop.run_forever at 0x0000019EED6C2770>
    └ <ProactorEventLoop running=True closed=False debug=False>
  File "C:\Program Files\Python\Lib\asyncio\base_events.py", line 677, in run_forever
    self._run_once()
    │    └ <function BaseEventLoop._run_once at 0x0000019EED6C4930>
    └ <ProactorEventLoop running=True closed=False debug=False>
  File "C:\Program Files\Python\Lib\asyncio\base_events.py", line 2046, in _run_once
    handle._run()
    │      └ <function Handle._run at 0x0000019EED640F60>
    └ <Handle <_asyncio.TaskStepMethWrapper object at 0x0000019EF2A74C70>()>
  File "C:\Program Files\Python\Lib\asyncio\events.py", line 94, in _run
    self._context.run(self._callback, *self._args)
    │    │            │    │           │    └ <member '_args' of 'Handle' objects>
    │    │            │    │           └ <Handle <_asyncio.TaskStepMethWrapper object at 0x0000019EF2A74C70>()>
    │    │            │    └ <member '_callback' of 'Handle' objects>
    │    │            └ <Handle <_asyncio.TaskStepMethWrapper object at 0x0000019EF2A74C70>()>
    │    └ <member '_context' of 'Handle' objects>
    └ <Handle <_asyncio.TaskStepMethWrapper object at 0x0000019EF2A74C70>()>
  File "C:\Users\H\AppData\Roaming\Python\Python314\site-packages\starlette\middleware\base.py", line 144, in coro
    await self.app(scope, receive_or_disconnect, send_no_error)
          │    │   │      │                      └ <function BaseHTTPMiddleware.__call__.<locals>.call_next.<locals>.send_no_error at 0x0000019EF2AD4F60>
          │    │   │      └ <function BaseHTTPMiddleware.__call__.<locals>.call_next.<locals>.receive_or_disconnect at 0x0000019EF2AD47D0>
          │    │   └ {'type': 'http', 'asgi': {'version': '3.0', 'spec_version': '2.3'}, 'http_version': '1.1', 'server': ('127.0.0.1', 8000), 'cl...
          │    └ <starlette.middleware.exceptions.ExceptionMiddleware object at 0x0000019EF2A452B0>
          └ <starlette.middleware.base.BaseHTTPMiddleware object at 0x0000019EF2A45400>
  File "C:\Users\H\AppData\Roaming\Python\Python314\site-packages\starlette\middleware\exceptions.py", line 63, in __call__
    await wrap_app_handling_exceptions(self.app, conn)(scope, receive, send)
          │                            │    │    │     │      │        └ <function BaseHTTPMiddleware.__call__.<locals>.call_next.<locals>.send_no_error at 0x0000019EF2AD4F60>
          │                            │    │    │     │      └ <function BaseHTTPMiddleware.__call__.<locals>.call_next.<locals>.receive_or_disconnect at 0x0000019EF2AD47D0>
          │                            │    │    │     └ {'type': 'http', 'asgi': {'version': '3.0', 'spec_version': '2.3'}, 'http_version': '1.1', 'server': ('127.0.0.1', 8000), 'cl...
          │                            │    │    └ <starlette.requests.Request object at 0x0000019EF2AE8910>
          │                            │    └ <fastapi.middleware.asyncexitstack.AsyncExitStackMiddleware object at 0x0000019EF2A45160>
          │                            └ <starlette.middleware.exceptions.ExceptionMiddleware object at 0x0000019EF2A452B0>
          └ <function wrap_app_handling_exceptions at 0x0000019EEEE3C7D0>
  File "C:\Users\H\AppData\Roaming\Python\Python314\site-packages\starlette\_exception_handler.py", line 42, in wrapped_app
    await app(scope, receive, sender)
          │   │      │        └ <function wrap_app_handling_exceptions.<locals>.wrapped_app.<locals>.sender at 0x0000019EF2AD4A90>
          │   │      └ <function BaseHTTPMiddleware.__call__.<locals>.call_next.<locals>.receive_or_disconnect at 0x0000019EF2AD47D0>
          │   └ {'type': 'http', 'asgi': {'version': '3.0', 'spec_version': '2.3'}, 'http_version': '1.1', 'server': ('127.0.0.1', 8000), 'cl...
          └ <fastapi.middleware.asyncexitstack.AsyncExitStackMiddleware object at 0x0000019EF2A45160>
  File "C:\Users\H\AppData\Roaming\Python\Python314\site-packages\fastapi\middleware\asyncexitstack.py", line 18, in __call__
    await self.app(scope, receive, send)
          │    │   │      │        └ <function wrap_app_handling_exceptions.<locals>.wrapped_app.<locals>.sender at 0x0000019EF2AD4A90>
          │    │   │      └ <function BaseHTTPMiddleware.__call__.<locals>.call_next.<locals>.receive_or_disconnect at 0x0000019EF2AD47D0>
          │    │   └ {'type': 'http', 'asgi': {'version': '3.0', 'spec_version': '2.3'}, 'http_version': '1.1', 'server': ('127.0.0.1', 8000), 'cl...
          │    └ <fastapi.routing.APIRouter object at 0x0000019EF12088C0>
          └ <fastapi.middleware.asyncexitstack.AsyncExitStackMiddleware object at 0x0000019EF2A45160>
  File "C:\Users\H\AppData\Roaming\Python\Python314\site-packages\starlette\routing.py", line 716, in __call__
    await self.middleware_stack(scope, receive, send)
          │    │                │      │        └ <function wrap_app_handling_exceptions.<locals>.wrapped_app.<locals>.sender at 0x0000019EF2AD4A90>
          │    │                │      └ <function BaseHTTPMiddleware.__call__.<locals>.call_next.<locals>.receive_or_disconnect at 0x0000019EF2AD47D0>
          │    │                └ {'type': 'http', 'asgi': {'version': '3.0', 'spec_version': '2.3'}, 'http_version': '1.1', 'server': ('127.0.0.1', 8000), 'cl...
          │    └ <bound method Router.app of <fastapi.routing.APIRouter object at 0x0000019EF12088C0>>
          └ <fastapi.routing.APIRouter object at 0x0000019EF12088C0>
  File "C:\Users\H\AppData\Roaming\Python\Python314\site-packages\starlette\routing.py", line 736, in app
    await route.handle(scope, receive, send)
          │     │      │      │        └ <function wrap_app_handling_exceptions.<locals>.wrapped_app.<locals>.sender at 0x0000019EF2AD4A90>
          │     │      │      └ <function BaseHTTPMiddleware.__call__.<locals>.call_next.<locals>.receive_or_disconnect at 0x0000019EF2AD47D0>
          │     │      └ {'type': 'http', 'asgi': {'version': '3.0', 'spec_version': '2.3'}, 'http_version': '1.1', 'server': ('127.0.0.1', 8000), 'cl...
          │     └ <function Route.handle at 0x0000019EEEE3F320>
          └ APIRoute(path='/api/v1/left-pupil/execute', name='execute_step', methods=['POST'])
  File "C:\Users\H\AppData\Roaming\Python\Python314\site-packages\starlette\routing.py", line 290, in handle
    await self.app(scope, receive, send)
          │    │   │      │        └ <function wrap_app_handling_exceptions.<locals>.wrapped_app.<locals>.sender at 0x0000019EF2AD4A90>
          │    │   │      └ <function BaseHTTPMiddleware.__call__.<locals>.call_next.<locals>.receive_or_disconnect at 0x0000019EF2AD47D0>
          │    │   └ {'type': 'http', 'asgi': {'version': '3.0', 'spec_version': '2.3'}, 'http_version': '1.1', 'server': ('127.0.0.1', 8000), 'cl...
          │    └ <function request_response.<locals>.app at 0x0000019EF2A29D20>
          └ APIRoute(path='/api/v1/left-pupil/execute', name='execute_step', methods=['POST'])
  File "C:\Users\H\AppData\Roaming\Python\Python314\site-packages\fastapi\routing.py", line 121, in app
    await wrap_app_handling_exceptions(app, request)(scope, receive, send)
          │                            │    │        │      │        └ <function wrap_app_handling_exceptions.<locals>.wrapped_app.<locals>.sender at 0x0000019EF2AD4A90>
          │                            │    │        │      └ <function BaseHTTPMiddleware.__call__.<locals>.call_next.<locals>.receive_or_disconnect at 0x0000019EF2AD47D0>
          │                            │    │        └ {'type': 'http', 'asgi': {'version': '3.0', 'spec_version': '2.3'}, 'http_version': '1.1', 'server': ('127.0.0.1', 8000), 'cl...
          │                            │    └ <starlette.requests.Request object at 0x0000019EF2A3F230>
          │                            └ <function request_response.<locals>.app.<locals>.app at 0x0000019EF2AD4BF0>
          └ <function wrap_app_handling_exceptions at 0x0000019EEEE3C7D0>
  File "C:\Users\H\AppData\Roaming\Python\Python314\site-packages\starlette\_exception_handler.py", line 42, in wrapped_app
    await app(scope, receive, sender)
          │   │      │        └ <function wrap_app_handling_exceptions.<locals>.wrapped_app.<locals>.sender at 0x0000019EF2AD4EB0>
          │   │      └ <function BaseHTTPMiddleware.__call__.<locals>.call_next.<locals>.receive_or_disconnect at 0x0000019EF2AD47D0>
          │   └ {'type': 'http', 'asgi': {'version': '3.0', 'spec_version': '2.3'}, 'http_version': '1.1', 'server': ('127.0.0.1', 8000), 'cl...
          └ <function request_response.<locals>.app.<locals>.app at 0x0000019EF2AD4BF0>
  File "C:\Users\H\AppData\Roaming\Python\Python314\site-packages\fastapi\routing.py", line 107, in app
    response = await f(request)
                     │ └ <starlette.requests.Request object at 0x0000019EF2A3F230>
                     └ <function get_request_handler.<locals>.app at 0x0000019EF2A29BC0>
  File "C:\Users\H\AppData\Roaming\Python\Python314\site-packages\fastapi\routing.py", line 426, in app
    raw_response = await run_endpoint_function(
                         └ <function run_endpoint_function at 0x0000019EEEE64670>
  File "C:\Users\H\AppData\Roaming\Python\Python314\site-packages\fastapi\routing.py", line 314, in run_endpoint_function
    return await dependant.call(**values)
                 │         │      └ {'request': ExecuteStepRequest(base_url='https://jsonplaceholder.typicode.com', step=ApiIRStepModel(id='TEST_01', name='????'...
                 │         └ <function execute_step at 0x0000019EF1241590>
                 └ Dependant(path_params=[], query_params=[], header_params=[], cookie_params=[], body_params=[ModelField(field_info=Body(Pydant...

> File "D:\project\ChongMing\backend\app\api\v1\endpoints\left_pupil.py", line 207, in execute_step
    assertion_details=result.assertion_report.to_dict() if result.assertion_report else None,
                      │      │                             │      └ AssertionReport(passed=False, results=[AssertionResult(passed=True, rule_type='status_code', expected=200, actual=200, messag...
                      │      │                             └ ExecutionResult(step_id='TEST_01', status='failed', status_code=200, response_body={'id': 1, 'name': 'Leanne Graham', 'userna...
                      │      └ AssertionReport(passed=False, results=[AssertionResult(passed=True, rule_type='status_code', expected=200, actual=200, messag...
                      └ ExecutionResult(step_id='TEST_01', status='failed', status_code=200, response_body={'id': 1, 'name': 'Leanne Graham', 'userna...

AttributeError: 'AssertionReport' object has no attribute 'to_dict'
2026-02-09 05:42:50 | INFO     | app.core.request_logger:request_logging_middleware:91 | [adbe348a] <-- 500 (2753.48ms)
2026-02-09 05:43:42 | INFO     | app.core.logging:setup_logging:54 | 日志系统初始化完成
2026-02-09 05:43:42 | INFO     | app.main:lifespan:24 | 🐦 重明 v2.0.0 启动中...
2026-02-09 05:43:42 | INFO     | app.main:lifespan:25 | 📡 API 文档: http://localhost:8000/docs
2026-02-09 05:45:27 | INFO     | app.core.request_logger:request_logging_middleware:71 | [e0b53417] --> POST /api/v1/left-pupil/execute
2026-02-09 05:45:31 | INFO     | app.core.request_logger:request_logging_middleware:91 | [e0b53417] <-- 200 (4372.27ms)
2026-02-09 05:45:52 | INFO     | app.core.request_logger:request_logging_middleware:71 | [1bc33229] --> POST /api/v1/left-pupil/parse-swagger
2026-02-09 05:45:55 | ERROR    | app.api.v1.endpoints.left_pupil:parse_swagger:360 | 解析 Swagger 失败
Traceback (most recent call last):

  File "<string>", line 1, in <module>
  File "C:\Program Files\Python\Lib\multiprocessing\spawn.py", line 122, in spawn_main
    exitcode = _main(fd, parent_sentinel)
               │     │   └ 320
               │     └ 3
               └ <function _main at 0x0000020EB0B17950>
  File "C:\Program Files\Python\Lib\multiprocessing\spawn.py", line 135, in _main
    return self._bootstrap(parent_sentinel)
           │    │          └ 320
           │    └ <function BaseProcess._bootstrap at 0x0000020EB09E9B10>
           └ <SpawnProcess name='SpawnProcess-1' parent=46548 started>
  File "C:\Program Files\Python\Lib\multiprocessing\process.py", line 320, in _bootstrap
    self.run()
    │    └ <function BaseProcess.run at 0x0000020EB09E8EB0>
    └ <SpawnProcess name='SpawnProcess-1' parent=46548 started>
  File "C:\Program Files\Python\Lib\multiprocessing\process.py", line 108, in run
    self._target(*self._args, **self._kwargs)
    │    │        │    │        │    └ {'config': <uvicorn.config.Config object at 0x0000020EB37317F0>, 'target': <bound method Server.run of <uvicorn.server.Server...
    │    │        │    │        └ <SpawnProcess name='SpawnProcess-1' parent=46548 started>
    │    │        │    └ ()
    │    │        └ <SpawnProcess name='SpawnProcess-1' parent=46548 started>
    │    └ <function subprocess_started at 0x0000020EB2E56090>
    └ <SpawnProcess name='SpawnProcess-1' parent=46548 started>
  File "C:\Users\H\AppData\Roaming\Python\Python314\site-packages\uvicorn\_subprocess.py", line 80, in subprocess_started
    target(sockets=sockets)
    │              └ [<socket.socket fd=400, family=2, type=1, proto=6, laddr=('127.0.0.1', 8000)>]
    └ <bound method Server.run of <uvicorn.server.Server object at 0x0000020EB3731940>>
  File "C:\Users\H\AppData\Roaming\Python\Python314\site-packages\uvicorn\server.py", line 67, in run
    return asyncio_run(self.serve(sockets=sockets), loop_factory=self.config.get_loop_factory())
           │           │    │             │                      │    │      └ <function Config.get_loop_factory at 0x0000020EB2DC22A0>
           │           │    │             │                      │    └ <uvicorn.config.Config object at 0x0000020EB37317F0>
           │           │    │             │                      └ <uvicorn.server.Server object at 0x0000020EB3731940>
           │           │    │             └ [<socket.socket fd=400, family=2, type=1, proto=6, laddr=('127.0.0.1', 8000)>]
           │           │    └ <function Server.serve at 0x0000020EB2E2D6F0>
           │           └ <uvicorn.server.Server object at 0x0000020EB3731940>
           └ <function run at 0x0000020EB299AB90>
  File "C:\Program Files\Python\Lib\asyncio\runners.py", line 204, in run
    return runner.run(main)
           │      │   └ <coroutine object Server.serve at 0x0000020EB37B8C70>
           │      └ <function Runner.run at 0x0000020EB299AFB0>
           └ <asyncio.runners.Runner object at 0x0000020EB37327B0>
  File "C:\Program Files\Python\Lib\asyncio\runners.py", line 127, in run
    return self._loop.run_until_complete(task)
           │    │     │                  └ <Task pending name='Task-1' coro=<Server.serve() running at C:\Users\H\AppData\Roaming\Python\Python314\site-packages\uvicorn...
           │    │     └ <function BaseEventLoop.run_until_complete at 0x0000020EB2997480>
           │    └ <_WindowsSelectorEventLoop running=True closed=False debug=False>
           └ <asyncio.runners.Runner object at 0x0000020EB37327B0>
  File "C:\Program Files\Python\Lib\asyncio\base_events.py", line 706, in run_until_complete
    self.run_forever()
    │    └ <function BaseEventLoop.run_forever at 0x0000020EB29973D0>
    └ <_WindowsSelectorEventLoop running=True closed=False debug=False>
  File "C:\Program Files\Python\Lib\asyncio\base_events.py", line 677, in run_forever
    self._run_once()
    │    └ <function BaseEventLoop._run_once at 0x0000020EB2999590>
    └ <_WindowsSelectorEventLoop running=True closed=False debug=False>
  File "C:\Program Files\Python\Lib\asyncio\base_events.py", line 2046, in _run_once
    handle._run()
    │      └ <function Handle._run at 0x0000020EB115DBC0>
    └ <Handle Task.task_wakeup()>
  File "C:\Program Files\Python\Lib\asyncio\events.py", line 94, in _run
    self._context.run(self._callback, *self._args)
    │    │            │    │           │    └ <member '_args' of 'Handle' objects>
    │    │            │    │           └ <Handle Task.task_wakeup()>
    │    │            │    └ <member '_callback' of 'Handle' objects>
    │    │            └ <Handle Task.task_wakeup()>
    │    └ <member '_context' of 'Handle' objects>
    └ <Handle Task.task_wakeup()>
  File "C:\Users\H\AppData\Roaming\Python\Python314\site-packages\starlette\middleware\base.py", line 144, in coro
    await self.app(scope, receive_or_disconnect, send_no_error)
          │    │   │      │                      └ <function BaseHTTPMiddleware.__call__.<locals>.call_next.<locals>.send_no_error at 0x0000020EB7CC5640>
          │    │   │      └ <function BaseHTTPMiddleware.__call__.<locals>.call_next.<locals>.receive_or_disconnect at 0x0000020EB7CC56F0>
          │    │   └ {'type': 'http', 'asgi': {'version': '3.0', 'spec_version': '2.3'}, 'http_version': '1.1', 'server': ('127.0.0.1', 8000), 'cl...
          │    └ <starlette.middleware.exceptions.ExceptionMiddleware object at 0x0000020EB7C2D6A0>
          └ <starlette.middleware.base.BaseHTTPMiddleware object at 0x0000020EB7C2D7F0>
  File "C:\Users\H\AppData\Roaming\Python\Python314\site-packages\starlette\middleware\exceptions.py", line 63, in __call__
    await wrap_app_handling_exceptions(self.app, conn)(scope, receive, send)
          │                            │    │    │     │      │        └ <function BaseHTTPMiddleware.__call__.<locals>.call_next.<locals>.send_no_error at 0x0000020EB7CC5640>
          │                            │    │    │     │      └ <function BaseHTTPMiddleware.__call__.<locals>.call_next.<locals>.receive_or_disconnect at 0x0000020EB7CC56F0>
          │                            │    │    │     └ {'type': 'http', 'asgi': {'version': '3.0', 'spec_version': '2.3'}, 'http_version': '1.1', 'server': ('127.0.0.1', 8000), 'cl...
          │                            │    │    └ <starlette.requests.Request object at 0x0000020EB63EDE50>
          │                            │    └ <fastapi.middleware.asyncexitstack.AsyncExitStackMiddleware object at 0x0000020EB7C2D550>
          │                            └ <starlette.middleware.exceptions.ExceptionMiddleware object at 0x0000020EB7C2D6A0>
          └ <function wrap_app_handling_exceptions at 0x0000020EB40B16F0>
  File "C:\Users\H\AppData\Roaming\Python\Python314\site-packages\starlette\_exception_handler.py", line 42, in wrapped_app
    await app(scope, receive, sender)
          │   │      │        └ <function wrap_app_handling_exceptions.<locals>.wrapped_app.<locals>.sender at 0x0000020EB7CC59B0>
          │   │      └ <function BaseHTTPMiddleware.__call__.<locals>.call_next.<locals>.receive_or_disconnect at 0x0000020EB7CC56F0>
          │   └ {'type': 'http', 'asgi': {'version': '3.0', 'spec_version': '2.3'}, 'http_version': '1.1', 'server': ('127.0.0.1', 8000), 'cl...
          └ <fastapi.middleware.asyncexitstack.AsyncExitStackMiddleware object at 0x0000020EB7C2D550>
  File "C:\Users\H\AppData\Roaming\Python\Python314\site-packages\fastapi\middleware\asyncexitstack.py", line 18, in __call__
    await self.app(scope, receive, send)
          │    │   │      │        └ <function wrap_app_handling_exceptions.<locals>.wrapped_app.<locals>.sender at 0x0000020EB7CC59B0>
          │    │   │      └ <function BaseHTTPMiddleware.__call__.<locals>.call_next.<locals>.receive_or_disconnect at 0x0000020EB7CC56F0>
          │    │   └ {'type': 'http', 'asgi': {'version': '3.0', 'spec_version': '2.3'}, 'http_version': '1.1', 'server': ('127.0.0.1', 8000), 'cl...
          │    └ <fastapi.routing.APIRouter object at 0x0000020EB63F09B0>
          └ <fastapi.middleware.asyncexitstack.AsyncExitStackMiddleware object at 0x0000020EB7C2D550>
  File "C:\Users\H\AppData\Roaming\Python\Python314\site-packages\starlette\routing.py", line 716, in __call__
    await self.middleware_stack(scope, receive, send)
          │    │                │      │        └ <function wrap_app_handling_exceptions.<locals>.wrapped_app.<locals>.sender at 0x0000020EB7CC59B0>
          │    │                │      └ <function BaseHTTPMiddleware.__call__.<locals>.call_next.<locals>.receive_or_disconnect at 0x0000020EB7CC56F0>
          │    │                └ {'type': 'http', 'asgi': {'version': '3.0', 'spec_version': '2.3'}, 'http_version': '1.1', 'server': ('127.0.0.1', 8000), 'cl...
          │    └ <bound method Router.app of <fastapi.routing.APIRouter object at 0x0000020EB63F09B0>>
          └ <fastapi.routing.APIRouter object at 0x0000020EB63F09B0>
  File "C:\Users\H\AppData\Roaming\Python\Python314\site-packages\starlette\routing.py", line 736, in app
    await route.handle(scope, receive, send)
          │     │      │      │        └ <function wrap_app_handling_exceptions.<locals>.wrapped_app.<locals>.sender at 0x0000020EB7CC59B0>
          │     │      │      └ <function BaseHTTPMiddleware.__call__.<locals>.call_next.<locals>.receive_or_disconnect at 0x0000020EB7CC56F0>
          │     │      └ {'type': 'http', 'asgi': {'version': '3.0', 'spec_version': '2.3'}, 'http_version': '1.1', 'server': ('127.0.0.1', 8000), 'cl...
          │     └ <function Route.handle at 0x0000020EB40D0300>
          └ APIRoute(path='/api/v1/left-pupil/parse-swagger', name='parse_swagger', methods=['POST'])
  File "C:\Users\H\AppData\Roaming\Python\Python314\site-packages\starlette\routing.py", line 290, in handle
    await self.app(scope, receive, send)
          │    │   │      │        └ <function wrap_app_handling_exceptions.<locals>.wrapped_app.<locals>.sender at 0x0000020EB7CC59B0>
          │    │   │      └ <function BaseHTTPMiddleware.__call__.<locals>.call_next.<locals>.receive_or_disconnect at 0x0000020EB7CC56F0>
          │    │   └ {'type': 'http', 'asgi': {'version': '3.0', 'spec_version': '2.3'}, 'http_version': '1.1', 'server': ('127.0.0.1', 8000), 'cl...
          │    └ <function request_response.<locals>.app at 0x0000020EB7C0F5E0>
          └ APIRoute(path='/api/v1/left-pupil/parse-swagger', name='parse_swagger', methods=['POST'])
  File "C:\Users\H\AppData\Roaming\Python\Python314\site-packages\fastapi\routing.py", line 121, in app
    await wrap_app_handling_exceptions(app, request)(scope, receive, send)
          │                            │    │        │      │        └ <function wrap_app_handling_exceptions.<locals>.wrapped_app.<locals>.sender at 0x0000020EB7CC59B0>
          │                            │    │        │      └ <function BaseHTTPMiddleware.__call__.<locals>.call_next.<locals>.receive_or_disconnect at 0x0000020EB7CC56F0>
          │                            │    │        └ {'type': 'http', 'asgi': {'version': '3.0', 'spec_version': '2.3'}, 'http_version': '1.1', 'server': ('127.0.0.1', 8000), 'cl...
          │                            │    └ <starlette.requests.Request object at 0x0000020EB7DD1050>
          │                            └ <function request_response.<locals>.app.<locals>.app at 0x0000020EB7CC5B10>
          └ <function wrap_app_handling_exceptions at 0x0000020EB40B16F0>
  File "C:\Users\H\AppData\Roaming\Python\Python314\site-packages\starlette\_exception_handler.py", line 42, in wrapped_app
    await app(scope, receive, sender)
          │   │      │        └ <function wrap_app_handling_exceptions.<locals>.wrapped_app.<locals>.sender at 0x0000020EB7CC5DD0>
          │   │      └ <function BaseHTTPMiddleware.__call__.<locals>.call_next.<locals>.receive_or_disconnect at 0x0000020EB7CC56F0>
          │   └ {'type': 'http', 'asgi': {'version': '3.0', 'spec_version': '2.3'}, 'http_version': '1.1', 'server': ('127.0.0.1', 8000), 'cl...
          └ <function request_response.<locals>.app.<locals>.app at 0x0000020EB7CC5B10>
  File "C:\Users\H\AppData\Roaming\Python\Python314\site-packages\fastapi\routing.py", line 107, in app
    response = await f(request)
                     │ └ <starlette.requests.Request object at 0x0000020EB7DD1050>
                     └ <function get_request_handler.<locals>.app at 0x0000020EB7C0F480>
  File "C:\Users\H\AppData\Roaming\Python\Python314\site-packages\fastapi\routing.py", line 426, in app
    raw_response = await run_endpoint_function(
                         └ <function run_endpoint_function at 0x0000020EB40D9590>
  File "C:\Users\H\AppData\Roaming\Python\Python314\site-packages\fastapi\routing.py", line 314, in run_endpoint_function
    return await dependant.call(**values)
                 │         │      └ {'request': SwaggerParseRequest(url='https://petstore.swagger.io/v2/swagger.json', content=None)}
                 │         └ <function parse_swagger at 0x0000020EB641F530>
                 └ Dependant(path_params=[], query_params=[], header_params=[], cookie_params=[], body_params=[ModelField(field_info=Body(Pydant...

> File "D:\project\ChongMing\backend\app\api\v1\endpoints\left_pupil.py", line 320, in parse_swagger
    endpoints = await parser.parse_url(request.url)
                      │      │         │       └ 'https://petstore.swagger.io/v2/swagger.json'
                      │      │         └ SwaggerParseRequest(url='https://petstore.swagger.io/v2/swagger.json', content=None)
                      │      └ <function SwaggerParser.parse_url at 0x0000020EB6382A30>
                      └ <app.services.left_pupil.swagger_parser.SwaggerParser object at 0x0000020EB7C2EE40>

TypeError: 'list' object can't be awaited
2026-02-09 05:45:55 | INFO     | app.core.request_logger:request_logging_middleware:91 | [1bc33229] <-- 200 (2777.83ms)
2026-02-09 05:54:44 | INFO     | app.core.request_logger:request_logging_middleware:71 | [4e78b825] --> DELETE /api/v1/data-factory/cleanup
2026-02-09 05:54:49 | ERROR    | app.core.request_logger:request_logging_middleware:111 | [4e78b825] <-- ERROR: OSError: Multiple exceptions: [Errno 10061] Connect call failed ('127.0.0.1', 5432), [Errno 10061] Connect call failed ('::1', 5432, 0, 0) (4089.98ms)
2026-02-09 05:55:02 | INFO     | app.core.request_logger:request_logging_middleware:71 | [95062bba] --> GET /api/v1/data-factory/records/1
2026-02-09 05:55:06 | ERROR    | app.core.request_logger:request_logging_middleware:111 | [95062bba] <-- ERROR: OSError: Multiple exceptions: [Errno 10061] Connect call failed ('127.0.0.1', 5432), [Errno 10061] Connect call failed ('::1', 5432, 0, 0) (4056.86ms)
