2026-02-10 15:14:54.808 | ERROR    | app.api.v1.endpoints.left_pupil:parse_swagger:361 - 解析 Swagger 失败
Traceback (most recent call last):

  File "<string>", line 1, in <module>
  File "C:\Program Files\Python\Lib\multiprocessing\spawn.py", line 122, in spawn_main
    exitcode = _main(fd, parent_sentinel)
               │     │   └ 320
               │     └ 3
               └ <function _main at 0x000002282E9C7950>
  File "C:\Program Files\Python\Lib\multiprocessing\spawn.py", line 135, in _main
    return self._bootstrap(parent_sentinel)
           │    │          └ 320
           │    └ <function BaseProcess._bootstrap at 0x000002282E899B10>
           └ <SpawnProcess name='SpawnProcess-1' parent=8288 started>
  File "C:\Program Files\Python\Lib\multiprocessing\process.py", line 320, in _bootstrap
    self.run()
    │    └ <function BaseProcess.run at 0x000002282E898EB0>
    └ <SpawnProcess name='SpawnProcess-1' parent=8288 started>
  File "C:\Program Files\Python\Lib\multiprocessing\process.py", line 108, in run
    self._target(*self._args, **self._kwargs)
    │    │        │    │        │    └ {'config': <uvicorn.config.Config object at 0x0000022830DB17F0>, 'target': <bound method Server.run of <uvicorn.server.Server...
    │    │        │    │        └ <SpawnProcess name='SpawnProcess-1' parent=8288 started>
    │    │        │    └ ()
    │    │        └ <SpawnProcess name='SpawnProcess-1' parent=8288 started>
    │    └ <function subprocess_started at 0x0000022830CDA090>
    └ <SpawnProcess name='SpawnProcess-1' parent=8288 started>
  File "C:\Users\H\AppData\Roaming\Python\Python314\site-packages\uvicorn\_subprocess.py", line 80, in subprocess_started
    target(sockets=sockets)
    │              └ [<socket.socket fd=568, family=2, type=1, proto=6, laddr=('127.0.0.1', 8000)>]
    └ <bound method Server.run of <uvicorn.server.Server object at 0x0000022830DB1940>>
  File "C:\Users\H\AppData\Roaming\Python\Python314\site-packages\uvicorn\server.py", line 67, in run
    return asyncio_run(self.serve(sockets=sockets), loop_factory=self.config.get_loop_factory())
           │           │    │             │                      │    │      └ <function Config.get_loop_factory at 0x0000022830C422A0>
           │           │    │             │                      │    └ <uvicorn.config.Config object at 0x0000022830DB17F0>
           │           │    │             │                      └ <uvicorn.server.Server object at 0x0000022830DB1940>
           │           │    │             └ [<socket.socket fd=568, family=2, type=1, proto=6, laddr=('127.0.0.1', 8000)>]
           │           │    └ <function Server.serve at 0x0000022830CAD6F0>
           │           └ <uvicorn.server.Server object at 0x0000022830DB1940>
           └ <function run at 0x00000228308AAB90>
  File "C:\Program Files\Python\Lib\asyncio\runners.py", line 204, in run
    return runner.run(main)
           │      │   └ <coroutine object Server.serve at 0x0000022830E38C70>
           │      └ <function Runner.run at 0x00000228308AAFB0>
           └ <asyncio.runners.Runner object at 0x0000022830DB27B0>
  File "C:\Program Files\Python\Lib\asyncio\runners.py", line 127, in run
    return self._loop.run_until_complete(task)
           │    │     │                  └ <Task pending name='Task-1' coro=<Server.serve() running at C:\Users\H\AppData\Roaming\Python\Python314\site-packages\uvicorn...
           │    │     └ <function BaseEventLoop.run_until_complete at 0x00000228308A7480>
           │    └ <_WindowsSelectorEventLoop running=True closed=False debug=False>
           └ <asyncio.runners.Runner object at 0x0000022830DB27B0>
  File "C:\Program Files\Python\Lib\asyncio\base_events.py", line 706, in run_until_complete
    self.run_forever()
    │    └ <function BaseEventLoop.run_forever at 0x00000228308A73D0>
    └ <_WindowsSelectorEventLoop running=True closed=False debug=False>
  File "C:\Program Files\Python\Lib\asyncio\base_events.py", line 677, in run_forever
    self._run_once()
    │    └ <function BaseEventLoop._run_once at 0x00000228308A9590>
    └ <_WindowsSelectorEventLoop running=True closed=False debug=False>
  File "C:\Program Files\Python\Lib\asyncio\base_events.py", line 2046, in _run_once
    handle._run()
    │      └ <function Handle._run at 0x000002282F00DBC0>
    └ <Handle Task.task_wakeup()>
  File "C:\Program Files\Python\Lib\asyncio\events.py", line 94, in _run
    self._context.run(self._callback, *self._args)
    │    │            │    │           │    └ <member '_args' of 'Handle' objects>
    │    │            │    │           └ <Handle Task.task_wakeup()>
    │    │            │    └ <member '_callback' of 'Handle' objects>
    │    │            └ <Handle Task.task_wakeup()>
    │    └ <member '_context' of 'Handle' objects>
    └ <Handle Task.task_wakeup()>
  File "C:\Users\H\AppData\Roaming\Python\Python314\site-packages\starlette\middleware\base.py", line 144, in coro
    await self.app(scope, receive_or_disconnect, send_no_error)
          │    │   │      │                      └ <function BaseHTTPMiddleware.__call__.<locals>.call_next.<locals>.send_no_error at 0x0000022835AC2770>
          │    │   │      └ <function BaseHTTPMiddleware.__call__.<locals>.call_next.<locals>.receive_or_disconnect at 0x0000022835AC24B0>
          │    │   └ {'type': 'http', 'asgi': {'version': '3.0', 'spec_version': '2.3'}, 'http_version': '1.1', 'server': ('127.0.0.1', 8000), 'cl...
          │    └ <starlette.middleware.exceptions.ExceptionMiddleware object at 0x0000022835A296A0>
          └ <starlette.middleware.base.BaseHTTPMiddleware object at 0x0000022835A297F0>
  File "C:\Users\H\AppData\Roaming\Python\Python314\site-packages\starlette\middleware\exceptions.py", line 63, in __call__
    await wrap_app_handling_exceptions(self.app, conn)(scope, receive, send)
          │                            │    │    │     │      │        └ <function BaseHTTPMiddleware.__call__.<locals>.call_next.<locals>.send_no_error at 0x0000022835AC2770>
          │                            │    │    │     │      └ <function BaseHTTPMiddleware.__call__.<locals>.call_next.<locals>.receive_or_disconnect at 0x0000022835AC24B0>
          │                            │    │    │     └ {'type': 'http', 'asgi': {'version': '3.0', 'spec_version': '2.3'}, 'http_version': '1.1', 'server': ('127.0.0.1', 8000), 'cl...
          │                            │    │    └ <starlette.requests.Request object at 0x0000022835BC87C0>
          │                            │    └ <fastapi.middleware.asyncexitstack.AsyncExitStackMiddleware object at 0x0000022835A29550>
          │                            └ <starlette.middleware.exceptions.ExceptionMiddleware object at 0x0000022835A296A0>
          └ <function wrap_app_handling_exceptions at 0x0000022831F316F0>
  File "C:\Users\H\AppData\Roaming\Python\Python314\site-packages\starlette\_exception_handler.py", line 42, in wrapped_app
    await app(scope, receive, sender)
          │   │      │        └ <function wrap_app_handling_exceptions.<locals>.wrapped_app.<locals>.sender at 0x0000022835AC1BC0>
          │   │      └ <function BaseHTTPMiddleware.__call__.<locals>.call_next.<locals>.receive_or_disconnect at 0x0000022835AC24B0>
          │   └ {'type': 'http', 'asgi': {'version': '3.0', 'spec_version': '2.3'}, 'http_version': '1.1', 'server': ('127.0.0.1', 8000), 'cl...
          └ <fastapi.middleware.asyncexitstack.AsyncExitStackMiddleware object at 0x0000022835A29550>
  File "C:\Users\H\AppData\Roaming\Python\Python314\site-packages\fastapi\middleware\asyncexitstack.py", line 18, in __call__
    await self.app(scope, receive, send)
          │    │   │      │        └ <function wrap_app_handling_exceptions.<locals>.wrapped_app.<locals>.sender at 0x0000022835AC1BC0>
          │    │   │      └ <function BaseHTTPMiddleware.__call__.<locals>.call_next.<locals>.receive_or_disconnect at 0x0000022835AC24B0>
          │    │   └ {'type': 'http', 'asgi': {'version': '3.0', 'spec_version': '2.3'}, 'http_version': '1.1', 'server': ('127.0.0.1', 8000), 'cl...
          │    └ <fastapi.routing.APIRouter object at 0x00000228341BC9B0>
          └ <fastapi.middleware.asyncexitstack.AsyncExitStackMiddleware object at 0x0000022835A29550>
  File "C:\Users\H\AppData\Roaming\Python\Python314\site-packages\starlette\routing.py", line 716, in __call__
    await self.middleware_stack(scope, receive, send)
          │    │                │      │        └ <function wrap_app_handling_exceptions.<locals>.wrapped_app.<locals>.sender at 0x0000022835AC1BC0>
          │    │                │      └ <function BaseHTTPMiddleware.__call__.<locals>.call_next.<locals>.receive_or_disconnect at 0x0000022835AC24B0>
          │    │                └ {'type': 'http', 'asgi': {'version': '3.0', 'spec_version': '2.3'}, 'http_version': '1.1', 'server': ('127.0.0.1', 8000), 'cl...
          │    └ <bound method Router.app of <fastapi.routing.APIRouter object at 0x00000228341BC9B0>>
          └ <fastapi.routing.APIRouter object at 0x00000228341BC9B0>
  File "C:\Users\H\AppData\Roaming\Python\Python314\site-packages\starlette\routing.py", line 736, in app
    await route.handle(scope, receive, send)
          │     │      │      │        └ <function wrap_app_handling_exceptions.<locals>.wrapped_app.<locals>.sender at 0x0000022835AC1BC0>
          │     │      │      └ <function BaseHTTPMiddleware.__call__.<locals>.call_next.<locals>.receive_or_disconnect at 0x0000022835AC24B0>
          │     │      └ {'type': 'http', 'asgi': {'version': '3.0', 'spec_version': '2.3'}, 'http_version': '1.1', 'server': ('127.0.0.1', 8000), 'cl...
          │     └ <function Route.handle at 0x0000022831F50300>
          └ APIRoute(path='/api/v1/left-pupil/parse-swagger', name='parse_swagger', methods=['POST'])
  File "C:\Users\H\AppData\Roaming\Python\Python314\site-packages\starlette\routing.py", line 290, in handle
    await self.app(scope, receive, send)
          │    │   │      │        └ <function wrap_app_handling_exceptions.<locals>.wrapped_app.<locals>.sender at 0x0000022835AC1BC0>
          │    │   │      └ <function BaseHTTPMiddleware.__call__.<locals>.call_next.<locals>.receive_or_disconnect at 0x0000022835AC24B0>
          │    │   └ {'type': 'http', 'asgi': {'version': '3.0', 'spec_version': '2.3'}, 'http_version': '1.1', 'server': ('127.0.0.1', 8000), 'cl...
          │    └ <function request_response.<locals>.app at 0x0000022835A077F0>
          └ APIRoute(path='/api/v1/left-pupil/parse-swagger', name='parse_swagger', methods=['POST'])
  File "C:\Users\H\AppData\Roaming\Python\Python314\site-packages\fastapi\routing.py", line 121, in app
    await wrap_app_handling_exceptions(app, request)(scope, receive, send)
          │                            │    │        │      │        └ <function wrap_app_handling_exceptions.<locals>.wrapped_app.<locals>.sender at 0x0000022835AC1BC0>
          │                            │    │        │      └ <function BaseHTTPMiddleware.__call__.<locals>.call_next.<locals>.receive_or_disconnect at 0x0000022835AC24B0>
          │                            │    │        └ {'type': 'http', 'asgi': {'version': '3.0', 'spec_version': '2.3'}, 'http_version': '1.1', 'server': ('127.0.0.1', 8000), 'cl...
          │                            │    └ <starlette.requests.Request object at 0x0000022835BC9370>
          │                            └ <function request_response.<locals>.app.<locals>.app at 0x0000022835AC1D20>
          └ <function wrap_app_handling_exceptions at 0x0000022831F316F0>
  File "C:\Users\H\AppData\Roaming\Python\Python314\site-packages\starlette\_exception_handler.py", line 42, in wrapped_app
    await app(scope, receive, sender)
          │   │      │        └ <function wrap_app_handling_exceptions.<locals>.wrapped_app.<locals>.sender at 0x0000022835BEE770>
          │   │      └ <function BaseHTTPMiddleware.__call__.<locals>.call_next.<locals>.receive_or_disconnect at 0x0000022835AC24B0>
          │   └ {'type': 'http', 'asgi': {'version': '3.0', 'spec_version': '2.3'}, 'http_version': '1.1', 'server': ('127.0.0.1', 8000), 'cl...
          └ <function request_response.<locals>.app.<locals>.app at 0x0000022835AC1D20>
  File "C:\Users\H\AppData\Roaming\Python\Python314\site-packages\fastapi\routing.py", line 107, in app
    response = await f(request)
                     │ └ <starlette.requests.Request object at 0x0000022835BC9370>
                     └ <function get_request_handler.<locals>.app at 0x0000022835A07690>
  File "C:\Users\H\AppData\Roaming\Python\Python314\site-packages\fastapi\routing.py", line 426, in app
    raw_response = await run_endpoint_function(
                         └ <function run_endpoint_function at 0x0000022831F55590>
  File "C:\Users\H\AppData\Roaming\Python\Python314\site-packages\fastapi\routing.py", line 314, in run_endpoint_function
    return await dependant.call(**values)
                 │         │      └ {'request': SwaggerParseRequest(url='https://petstore.swagger.io/v2/swagger.json', content=None)}
                 │         └ <function parse_swagger at 0x00000228341EF7F0>
                 └ Dependant(path_params=[], query_params=[], header_params=[], cookie_params=[], body_params=[ModelField(field_info=Body(Pydant...

> File "D:\project\ChongMing\backend\app\api\v1\endpoints\left_pupil.py", line 344, in parse_swagger
    "type": p.param_type,

AttributeError: 'Parameter' object has no attribute 'param_type'
